current directory: /Users/manmit/Desktop/SupremeSingh.github.io/vendor/bundle/ruby/4.0.0/gems/json-3.0.2/ext/json/ext/generator
/opt/homebrew/opt/ruby/bin/ruby extconf.rb
checking for whether -std=c99 is accepted as CFLAGS... yes
checking for RUBY_TYPED_EMBEDDABLE in ruby.h... yes
checking for ruby_xfree_sized() in ruby.h... no
checking for arm_neon.h... yes
checking for cpuid.h... no
creating Makefile

current directory: /Users/manmit/Desktop/SupremeSingh.github.io/vendor/bundle/ruby/4.0.0/gems/json-3.0.2/ext/json/ext/generator
make -j3 DESTDIR\= sitearchdir\=./.gem.20260928-47058-t0musk sitelibdir\=./.gem.20260928-47058-t0musk clean

current directory: /Users/manmit/Desktop/SupremeSingh.github.io/vendor/bundle/ruby/4.0.0/gems/json-3.0.2/ext/json/ext/generator
make -j3 DESTDIR\= sitearchdir\=./.gem.20260928-47058-t0musk sitelibdir\=./.gem.20260928-47058-t0musk
compiling generator.c
linking shared-object json/ext/generator.bundle
ld: warning: search path '/opt/homebrew/Cellar/openssl@3/3.6.4/lib' not found
ld: warning: search path '/opt/homebrew/Cellar/openssl@3/3.6.4/lib' not found

current directory: /Users/manmit/Desktop/SupremeSingh.github.io/vendor/bundle/ruby/4.0.0/gems/json-3.0.2/ext/json/ext/generator
make -j3 DESTDIR\= sitearchdir\=./.gem.20260928-47058-t0musk sitelibdir\=./.gem.20260928-47058-t0musk install
/bin/sh: .sitearchdir.-.json.-.ext.time: Operation not permitted
make: *** [.sitearchdir.-.json.-.ext.time] Error 1

make install failed, exit code 2
