Fetching gem metadata from https://rubygems.org/...........
Resolving dependencies...
Installing racc 1.8.1 with native extensions
Installing json 3.0.2 with native extensions
Installing commonmarker 0.17.13 with native extensions
Installing http_parser.rb 0.8.1 with native extensions
Installing eventmachine 1.2.7 with native extensions
Gem::Ext::BuildError: ERROR: Failed to build gem native extension.

current directory:
/Users/manmit/Desktop/SupremeSingh.github.io/vendor/bundle/ruby/4.0.0/gems/json-3.0.2/ext/json/ext/generator
/opt/homebrew/opt/ruby/bin/ruby extconf.rb
checking for whether -std=c99 is accepted as CFLAGS... yes
checking for RUBY_TYPED_EMBEDDABLE in ruby.h... yes
checking for ruby_xfree_sized() in ruby.h... no
checking for arm_neon.h... yes
checking for cpuid.h... no
creating Makefile

current directory:
/Users/manmit/Desktop/SupremeSingh.github.io/vendor/bundle/ruby/4.0.0/gems/json-3.0.2/ext/json/ext/generator
make -j3 DESTDIR\= sitearchdir\=./.gem.20260928-47058-t0musk
sitelibdir\=./.gem.20260928-47058-t0musk clean

current directory:
/Users/manmit/Desktop/SupremeSingh.github.io/vendor/bundle/ruby/4.0.0/gems/json-3.0.2/ext/json/ext/generator
make -j3 DESTDIR\= sitearchdir\=./.gem.20260928-47058-t0musk
sitelibdir\=./.gem.20260928-47058-t0musk
compiling generator.c
linking shared-object json/ext/generator.bundle
ld: warning: search path '/opt/homebrew/Cellar/openssl@3/3.6.4/lib' not found
ld: warning: search path '/opt/homebrew/Cellar/openssl@3/3.6.4/lib' not found

current directory:
/Users/manmit/Desktop/SupremeSingh.github.io/vendor/bundle/ruby/4.0.0/gems/json-3.0.2/ext/json/ext/generator
make -j3 DESTDIR\= sitearchdir\=./.gem.20260928-47058-t0musk
sitelibdir\=./.gem.20260928-47058-t0musk install
/bin/sh: .sitearchdir.-.json.-.ext.time: Operation not permitted
make: *** [.sitearchdir.-.json.-.ext.time] Error 1

make install failed, exit code 2

Gem files will remain installed in
/Users/manmit/Desktop/SupremeSingh.github.io/vendor/bundle/ruby/4.0.0/gems/json-3.0.2
for inspection.
Results logged to
/Users/manmit/Desktop/SupremeSingh.github.io/vendor/bundle/ruby/4.0.0/extensions/arm64-darwin-24/4.0.0/json-3.0.2/gem_make.out

/opt/homebrew/Cellar/ruby/4.0.7/lib/ruby/4.0.0/rubygems/ext/builder.rb:147:in
'Gem::Ext::Builder.run'
/opt/homebrew/Cellar/ruby/4.0.7/lib/ruby/4.0.0/rubygems/ext/builder.rb:66:in
'block in Gem::Ext::Builder.make'
/opt/homebrew/Cellar/ruby/4.0.7/lib/ruby/4.0.0/rubygems/ext/builder.rb:58:in
'Array#each'
/opt/homebrew/Cellar/ruby/4.0.7/lib/ruby/4.0.0/rubygems/ext/builder.rb:58:in
'Gem::Ext::Builder.make'
/opt/homebrew/Cellar/ruby/4.0.7/lib/ruby/4.0.0/rubygems/ext/ext_conf_builder.rb:44:in
'Gem::Ext::ExtConfBuilder.build'
/opt/homebrew/Cellar/ruby/4.0.7/lib/ruby/4.0.0/rubygems/ext/builder.rb:241:in
'Gem::Ext::Builder#build_extension'
/opt/homebrew/Cellar/ruby/4.0.7/lib/ruby/4.0.0/rubygems/ext/builder.rb:273:in
'block in Gem::Ext::Builder#build_extensions'
/opt/homebrew/Cellar/ruby/4.0.7/lib/ruby/4.0.0/rubygems/ext/builder.rb:272:in
'Array#each'
/opt/homebrew/Cellar/ruby/4.0.7/lib/ruby/4.0.0/rubygems/ext/builder.rb:272:in
'Gem::Ext::Builder#build_extensions'
/opt/homebrew/Cellar/ruby/4.0.7/lib/ruby/4.0.0/rubygems/installer.rb:822:in
'Gem::Installer#build_extensions'
/opt/homebrew/lib/ruby/gems/4.0.0/gems/bundler-4.0.21/lib/bundler/rubygems_gem_installer.rb:125:in
'Bundler::RubyGemsGemInstaller#build_extensions'
/opt/homebrew/lib/ruby/gems/4.0.0/gems/bundler-4.0.21/lib/bundler/rubygems_gem_installer.rb:35:in
'Bundler::RubyGemsGemInstaller#install'
/opt/homebrew/lib/ruby/gems/4.0.0/gems/bundler-4.0.21/lib/bundler/source/rubygems.rb:223:in
'block in Bundler::Source::Rubygems#install'
  /opt/homebrew/Cellar/ruby/4.0.7/lib/ruby/4.0.0/rubygems.rb:1053:in 'Gem.time'
/opt/homebrew/lib/ruby/gems/4.0.0/gems/bundler-4.0.21/lib/bundler/source/rubygems.rb:222:in
'Bundler::Source::Rubygems#install'
/opt/homebrew/lib/ruby/gems/4.0.0/gems/bundler-4.0.21/lib/bundler/installer/gem_installer.rb:68:in
'Bundler::GemInstaller#install'
/opt/homebrew/lib/ruby/gems/4.0.0/gems/bundler-4.0.21/lib/bundler/installer/gem_installer.rb:17:in
'Bundler::GemInstaller#install_from_spec'
/opt/homebrew/lib/ruby/gems/4.0.0/gems/bundler-4.0.21/lib/bundler/installer/parallel_installer.rb:209:in
'Bundler::ParallelInstaller#do_install'
/opt/homebrew/lib/ruby/gems/4.0.0/gems/bundler-4.0.21/lib/bundler/installer/parallel_installer.rb:179:in
'block in Bundler::ParallelInstaller#worker_pool'
/opt/homebrew/lib/ruby/gems/4.0.0/gems/bundler-4.0.21/lib/bundler/worker.rb:70:in
'Bundler::Worker#apply_func'
/opt/homebrew/lib/ruby/gems/4.0.0/gems/bundler-4.0.21/lib/bundler/worker.rb:65:in
'block in Bundler::Worker#process_queue'
/opt/homebrew/lib/ruby/gems/4.0.0/gems/bundler-4.0.21/lib/bundler/worker.rb:56:in
'Kernel#loop'
/opt/homebrew/lib/ruby/gems/4.0.0/gems/bundler-4.0.21/lib/bundler/worker.rb:56:in
'Bundler::Worker#process_queue'
/opt/homebrew/lib/ruby/gems/4.0.0/gems/bundler-4.0.21/lib/bundler/worker.rb:98:in
'block (2 levels) in Bundler::Worker#create_threads'

An error occurred while installing json (3.0.2), and Bundler cannot continue.

In Gemfile:
  github-pages was resolved to 223, which depends on
    jekyll-coffeescript was resolved to 1.1.1, which depends on
      coffee-script was resolved to 2.4.1, which depends on
        execjs was resolved to 2.10.2, which depends on
          json


Gem::Ext::BuildError: ERROR: Failed to build gem native extension.

current directory:
/Users/manmit/Desktop/SupremeSingh.github.io/vendor/bundle/ruby/4.0.0/gems/http_parser.rb-0.8.1/ext/ruby_http_parser
/opt/homebrew/opt/ruby/bin/ruby extconf.rb
creating Makefile

current directory:
/Users/manmit/Desktop/SupremeSingh.github.io/vendor/bundle/ruby/4.0.0/gems/http_parser.rb-0.8.1/ext/ruby_http_parser
make -j3 DESTDIR\= sitearchdir\=./.gem.20260928-47058-3mmtsd
sitelibdir\=./.gem.20260928-47058-3mmtsd clean

current directory:
/Users/manmit/Desktop/SupremeSingh.github.io/vendor/bundle/ruby/4.0.0/gems/http_parser.rb-0.8.1/ext/ruby_http_parser
make -j3 DESTDIR\= sitearchdir\=./.gem.20260928-47058-3mmtsd
sitelibdir\=./.gem.20260928-47058-3mmtsd
compiling ruby_http_parser.c
compiling ryah_http_parser.c
ruby_http_parser.c:373:17: warning: comparison of integers of different signs:
'size_t' (aka 'unsigned long') and 'long' [-Wsign-compare]
  373 |     if (nparsed < len)
      |         ~~~~~~~ ^ ~~~
1 warning generated.
linking shared-object ruby_http_parser.bundle
ld: warning: search path '/opt/homebrew/Cellar/openssl@3/3.6.4/lib' not found
ld: warning: search path '/opt/homebrew/Cellar/openssl@3/3.6.4/lib' not found

current directory:
/Users/manmit/Desktop/SupremeSingh.github.io/vendor/bundle/ruby/4.0.0/gems/http_parser.rb-0.8.1/ext/ruby_http_parser
make -j3 DESTDIR\= sitearchdir\=./.gem.20260928-47058-3mmtsd
sitelibdir\=./.gem.20260928-47058-3mmtsd install
/bin/sh: .sitearchdir.time: Operation not permitted
make: *** [.sitearchdir.time] Error 1

make install failed, exit code 2

Gem files will remain installed in
/Users/manmit/Desktop/SupremeSingh.github.io/vendor/bundle/ruby/4.0.0/gems/http_parser.rb-0.8.1
for inspection.
Results logged to
/Users/manmit/Desktop/SupremeSingh.github.io/vendor/bundle/ruby/4.0.0/extensions/arm64-darwin-24/4.0.0/http_parser.rb-0.8.1/gem_make.out

/opt/homebrew/Cellar/ruby/4.0.7/lib/ruby/4.0.0/rubygems/ext/builder.rb:147:in
'Gem::Ext::Builder.run'
/opt/homebrew/Cellar/ruby/4.0.7/lib/ruby/4.0.0/rubygems/ext/builder.rb:66:in
'block in Gem::Ext::Builder.make'
/opt/homebrew/Cellar/ruby/4.0.7/lib/ruby/4.0.0/rubygems/ext/builder.rb:58:in
'Array#each'
/opt/homebrew/Cellar/ruby/4.0.7/lib/ruby/4.0.0/rubygems/ext/builder.rb:58:in
'Gem::Ext::Builder.make'
/opt/homebrew/Cellar/ruby/4.0.7/lib/ruby/4.0.0/rubygems/ext/ext_conf_builder.rb:44:in
'Gem::Ext::ExtConfBuilder.build'
/opt/homebrew/Cellar/ruby/4.0.7/lib/ruby/4.0.0/rubygems/ext/builder.rb:241:in
'Gem::Ext::Builder#build_extension'
/opt/homebrew/Cellar/ruby/4.0.7/lib/ruby/4.0.0/rubygems/ext/builder.rb:273:in
'block in Gem::Ext::Builder#build_extensions'
/opt/homebrew/Cellar/ruby/4.0.7/lib/ruby/4.0.0/rubygems/ext/builder.rb:272:in
'Array#each'
/opt/homebrew/Cellar/ruby/4.0.7/lib/ruby/4.0.0/rubygems/ext/builder.rb:272:in
'Gem::Ext::Builder#build_extensions'
/opt/homebrew/Cellar/ruby/4.0.7/lib/ruby/4.0.0/rubygems/installer.rb:822:in
'Gem::Installer#build_extensions'
/opt/homebrew/lib/ruby/gems/4.0.0/gems/bundler-4.0.21/lib/bundler/rubygems_gem_installer.rb:125:in
'Bundler::RubyGemsGemInstaller#build_extensions'
/opt/homebrew/lib/ruby/gems/4.0.0/gems/bundler-4.0.21/lib/bundler/rubygems_gem_installer.rb:35:in
'Bundler::RubyGemsGemInstaller#install'
/opt/homebrew/lib/ruby/gems/4.0.0/gems/bundler-4.0.21/lib/bundler/source/rubygems.rb:223:in
'block in Bundler::Source::Rubygems#install'
  /opt/homebrew/Cellar/ruby/4.0.7/lib/ruby/4.0.0/rubygems.rb:1053:in 'Gem.time'
/opt/homebrew/lib/ruby/gems/4.0.0/gems/bundler-4.0.21/lib/bundler/source/rubygems.rb:222:in
'Bundler::Source::Rubygems#install'
/opt/homebrew/lib/ruby/gems/4.0.0/gems/bundler-4.0.21/lib/bundler/installer/gem_installer.rb:68:in
'Bundler::GemInstaller#install'
/opt/homebrew/lib/ruby/gems/4.0.0/gems/bundler-4.0.21/lib/bundler/installer/gem_installer.rb:17:in
'Bundler::GemInstaller#install_from_spec'
/opt/homebrew/lib/ruby/gems/4.0.0/gems/bundler-4.0.21/lib/bundler/installer/parallel_installer.rb:209:in
'Bundler::ParallelInstaller#do_install'
/opt/homebrew/lib/ruby/gems/4.0.0/gems/bundler-4.0.21/lib/bundler/installer/parallel_installer.rb:179:in
'block in Bundler::ParallelInstaller#worker_pool'
/opt/homebrew/lib/ruby/gems/4.0.0/gems/bundler-4.0.21/lib/bundler/worker.rb:70:in
'Bundler::Worker#apply_func'
/opt/homebrew/lib/ruby/gems/4.0.0/gems/bundler-4.0.21/lib/bundler/worker.rb:65:in
'block in Bundler::Worker#process_queue'
/opt/homebrew/lib/ruby/gems/4.0.0/gems/bundler-4.0.21/lib/bundler/worker.rb:56:in
'Kernel#loop'
/opt/homebrew/lib/ruby/gems/4.0.0/gems/bundler-4.0.21/lib/bundler/worker.rb:56:in
'Bundler::Worker#process_queue'
/opt/homebrew/lib/ruby/gems/4.0.0/gems/bundler-4.0.21/lib/bundler/worker.rb:98:in
'block (2 levels) in Bundler::Worker#create_threads'

An error occurred while installing http_parser.rb (0.8.1), and Bundler cannot
continue.

In Gemfile:
  github-pages was resolved to 223, which depends on
    jekyll-avatar was resolved to 0.7.0, which depends on
      jekyll was resolved to 3.9.0, which depends on
        em-websocket was resolved to 0.5.3, which depends on
          http_parser.rb


Gem::Ext::BuildError: ERROR: Failed to build gem native extension.

current directory:
/Users/manmit/Desktop/SupremeSingh.github.io/vendor/bundle/ruby/4.0.0/gems/racc-1.8.1/ext/racc/cparse
/opt/homebrew/opt/ruby/bin/ruby extconf.rb
creating Makefile

current directory:
/Users/manmit/Desktop/SupremeSingh.github.io/vendor/bundle/ruby/4.0.0/gems/racc-1.8.1/ext/racc/cparse
make -j3 DESTDIR\= sitearchdir\=./.gem.20260928-47058-1q14ys
sitelibdir\=./.gem.20260928-47058-1q14ys clean

current directory:
/Users/manmit/Desktop/SupremeSingh.github.io/vendor/bundle/ruby/4.0.0/gems/racc-1.8.1/ext/racc/cparse
make -j3 DESTDIR\= sitearchdir\=./.gem.20260928-47058-1q14ys
sitelibdir\=./.gem.20260928-47058-1q14ys
compiling cparse.c
linking shared-object racc/cparse.bundle
ld: warning: search path '/opt/homebrew/Cellar/openssl@3/3.6.4/lib' not found
ld: warning: search path '/opt/homebrew/Cellar/openssl@3/3.6.4/lib' not found

current directory:
/Users/manmit/Desktop/SupremeSingh.github.io/vendor/bundle/ruby/4.0.0/gems/racc-1.8.1/ext/racc/cparse
make -j3 DESTDIR\= sitearchdir\=./.gem.20260928-47058-1q14ys
sitelibdir\=./.gem.20260928-47058-1q14ys install
/bin/sh: .sitearchdir.-.racc.time: Operation not permitted
make: *** [.sitearchdir.-.racc.time] Error 1

make install failed, exit code 2

Gem files will remain installed in
/Users/manmit/Desktop/SupremeSingh.github.io/vendor/bundle/ruby/4.0.0/gems/racc-1.8.1
for inspection.
Results logged to
/Users/manmit/Desktop/SupremeSingh.github.io/vendor/bundle/ruby/4.0.0/extensions/arm64-darwin-24/4.0.0/racc-1.8.1/gem_make.out

/opt/homebrew/Cellar/ruby/4.0.7/lib/ruby/4.0.0/rubygems/ext/builder.rb:147:in
'Gem::Ext::Builder.run'
/opt/homebrew/Cellar/ruby/4.0.7/lib/ruby/4.0.0/rubygems/ext/builder.rb:66:in
'block in Gem::Ext::Builder.make'
/opt/homebrew/Cellar/ruby/4.0.7/lib/ruby/4.0.0/rubygems/ext/builder.rb:58:in
'Array#each'
/opt/homebrew/Cellar/ruby/4.0.7/lib/ruby/4.0.0/rubygems/ext/builder.rb:58:in
'Gem::Ext::Builder.make'
/opt/homebrew/Cellar/ruby/4.0.7/lib/ruby/4.0.0/rubygems/ext/ext_conf_builder.rb:44:in
'Gem::Ext::ExtConfBuilder.build'
/opt/homebrew/Cellar/ruby/4.0.7/lib/ruby/4.0.0/rubygems/ext/builder.rb:241:in
'Gem::Ext::Builder#build_extension'
/opt/homebrew/Cellar/ruby/4.0.7/lib/ruby/4.0.0/rubygems/ext/builder.rb:273:in
'block in Gem::Ext::Builder#build_extensions'
/opt/homebrew/Cellar/ruby/4.0.7/lib/ruby/4.0.0/rubygems/ext/builder.rb:272:in
'Array#each'
/opt/homebrew/Cellar/ruby/4.0.7/lib/ruby/4.0.0/rubygems/ext/builder.rb:272:in
'Gem::Ext::Builder#build_extensions'
/opt/homebrew/Cellar/ruby/4.0.7/lib/ruby/4.0.0/rubygems/installer.rb:822:in
'Gem::Installer#build_extensions'
/opt/homebrew/lib/ruby/gems/4.0.0/gems/bundler-4.0.21/lib/bundler/rubygems_gem_installer.rb:125:in
'Bundler::RubyGemsGemInstaller#build_extensions'
/opt/homebrew/lib/ruby/gems/4.0.0/gems/bundler-4.0.21/lib/bundler/rubygems_gem_installer.rb:35:in
'Bundler::RubyGemsGemInstaller#install'
/opt/homebrew/lib/ruby/gems/4.0.0/gems/bundler-4.0.21/lib/bundler/source/rubygems.rb:223:in
'block in Bundler::Source::Rubygems#install'
  /opt/homebrew/Cellar/ruby/4.0.7/lib/ruby/4.0.0/rubygems.rb:1053:in 'Gem.time'
/opt/homebrew/lib/ruby/gems/4.0.0/gems/bundler-4.0.21/lib/bundler/source/rubygems.rb:222:in
'Bundler::Source::Rubygems#install'
/opt/homebrew/lib/ruby/gems/4.0.0/gems/bundler-4.0.21/lib/bundler/installer/gem_installer.rb:68:in
'Bundler::GemInstaller#install'
/opt/homebrew/lib/ruby/gems/4.0.0/gems/bundler-4.0.21/lib/bundler/installer/gem_installer.rb:17:in
'Bundler::GemInstaller#install_from_spec'
/opt/homebrew/lib/ruby/gems/4.0.0/gems/bundler-4.0.21/lib/bundler/installer/parallel_installer.rb:209:in
'Bundler::ParallelInstaller#do_install'
/opt/homebrew/lib/ruby/gems/4.0.0/gems/bundler-4.0.21/lib/bundler/installer/parallel_installer.rb:179:in
'block in Bundler::ParallelInstaller#worker_pool'
/opt/homebrew/lib/ruby/gems/4.0.0/gems/bundler-4.0.21/lib/bundler/worker.rb:70:in
'Bundler::Worker#apply_func'
/opt/homebrew/lib/ruby/gems/4.0.0/gems/bundler-4.0.21/lib/bundler/worker.rb:65:in
'block in Bundler::Worker#process_queue'
/opt/homebrew/lib/ruby/gems/4.0.0/gems/bundler-4.0.21/lib/bundler/worker.rb:56:in
'Kernel#loop'
/opt/homebrew/lib/ruby/gems/4.0.0/gems/bundler-4.0.21/lib/bundler/worker.rb:56:in
'Bundler::Worker#process_queue'
/opt/homebrew/lib/ruby/gems/4.0.0/gems/bundler-4.0.21/lib/bundler/worker.rb:98:in
'block (2 levels) in Bundler::Worker#create_threads'

An error occurred while installing racc (1.8.1), and Bundler cannot continue.

In Gemfile:
  github-pages was resolved to 223, which depends on
    jekyll-mentions was resolved to 1.6.0, which depends on
      html-pipeline was resolved to 2.14.3, which depends on
        nokogiri was resolved to 1.19.4, which depends on
          racc
