current directory: /Users/manmit/Desktop/SupremeSingh.github.io/vendor/bundle/ruby/4.0.0/gems/http_parser.rb-0.8.1/ext/ruby_http_parser
/opt/homebrew/opt/ruby/bin/ruby extconf.rb
creating Makefile

current directory: /Users/manmit/Desktop/SupremeSingh.github.io/vendor/bundle/ruby/4.0.0/gems/http_parser.rb-0.8.1/ext/ruby_http_parser
make -j3 DESTDIR\= sitearchdir\=./.gem.20260928-47058-3mmtsd sitelibdir\=./.gem.20260928-47058-3mmtsd clean

current directory: /Users/manmit/Desktop/SupremeSingh.github.io/vendor/bundle/ruby/4.0.0/gems/http_parser.rb-0.8.1/ext/ruby_http_parser
make -j3 DESTDIR\= sitearchdir\=./.gem.20260928-47058-3mmtsd sitelibdir\=./.gem.20260928-47058-3mmtsd
compiling ruby_http_parser.c
compiling ryah_http_parser.c
ruby_http_parser.c:373:17: warning: comparison of integers of different signs: 'size_t' (aka 'unsigned long') and 'long' [-Wsign-compare]
  373 |     if (nparsed < len)
      |         ~~~~~~~ ^ ~~~
1 warning generated.
linking shared-object ruby_http_parser.bundle
ld: warning: search path '/opt/homebrew/Cellar/openssl@3/3.6.4/lib' not found
ld: warning: search path '/opt/homebrew/Cellar/openssl@3/3.6.4/lib' not found

current directory: /Users/manmit/Desktop/SupremeSingh.github.io/vendor/bundle/ruby/4.0.0/gems/http_parser.rb-0.8.1/ext/ruby_http_parser
make -j3 DESTDIR\= sitearchdir\=./.gem.20260928-47058-3mmtsd sitelibdir\=./.gem.20260928-47058-3mmtsd install
/bin/sh: .sitearchdir.time: Operation not permitted
make: *** [.sitearchdir.time] Error 1

make install failed, exit code 2
